warning: examples/211_shadowed_accumulator.gem:8: `let total` declares a new `total` in each iteration of the loop at line 7, computed from the outer `total`, which nothing in the loop assigns; the outer `total` read at line 10 still has its value from before the loop. To update it, write `total = ...` without `let`.
warning: examples/211_shadowed_accumulator.gem:16: `let out` declares a new `out` in each iteration of the loop at line 14, computed from the outer `out`, which nothing in the loop assigns; the outer `out` read at line 19 still has its value from before the loop. To update it, write `out = ...` without `let`.
warning: examples/211_shadowed_accumulator.gem:28: `let count` declares a new `count` in each iteration of the loop at line 27, computed from the outer `count`, which nothing in the loop assigns; the outer `count` read at line 33 still has its value from before the loop. To update it, write `count = ...` without `let`.
