           .............        
        ............---....     
      .............--+--.....   
    .............---###--...... 
   ............-+#%#####+++-....
  .......--..--+*#########+-....
  ......--*++--*###########-....
  .....--+####*############-....
  ########################--....
  .....--+####*############-....
  ......--*++--*###########-....
  .......--..--+*#########+-....
   ............-+#%#####+++-....
    .............---###--...... 
      .............--+--.....   
        ............---....     
inside: 114 of 512
