date: 2026-10-05T16:27:25Z
gem commit: 21ce7ce
system: Darwin 27.0.0 arm64
os: macOS 27.0.1 (26A434)
cpu: Apple M1 Pro, 10 cores (8 performance)
memory: 16 GB
power: AC Power
low power mode: 0
load average at start: 1.05 1.25 1.35
cc: Apple clang version 21.0.0 (clang-2100.3.34.2)
python3: Python 3.14.5
python3.14: Python 3.14.5
node: v25.9.0
elixir: Elixir 1.20.1 (compiled with Erlang/OTP 29)
redis: Redis server v=8.10.2 sha=00000000:1 malloc=libc bits=64 build=764b3e45065a66fb
wrk: wrk 4.2.0 [kqueue] Copyright (C) 2012 Will Glozer
grep: ggrep (GNU grep) 3.12
REPS=5 WARMUP=1
GUARD_RSS_MB=8192 GUARD_SWAP_MB=2048 GUARD_TIMEOUT_S=2400
SECTIONS=logstat lox gemgrep jobqueue bookmark bookmark_node mini_redis stomp

=== logstat (18:27:25, load 1.05 1.25 1.35)
logstat        ok        93 s  peak    269 MB

=== lox (18:28:58, load 1.20 1.27 1.34)
lox            ok       130 s  peak   1845 MB

=== gemgrep (18:31:08, load 1.61 1.48 1.42)
gemgrep        ok       209 s  peak    371 MB

=== jobqueue (18:34:37, load 1.35 1.41 1.40)
benchmarks/measure_all.sh: child setpgid (67731 to 67731): Operation not permitted
jobqueue       ok       576 s  peak    583 MB

=== bookmark (18:44:16, load 0.76 1.01 1.18)
bookmark       ok       377 s  peak     30 MB

=== bookmark_node (18:50:33, load 2.12 1.83 1.53)
benchmarks/measure_all.sh: child setpgid (94491 to 94491): Operation not permitted
benchmarks/measure_all.sh: child setpgid (94979 to 94979): Operation not permitted
bookmark_node  ok       377 s  peak    317 MB

=== mini_redis (18:56:50, load 1.72 1.97 1.72)
mini_redis     ok        92 s  peak    825 MB

=== stomp (18:58:22, load 2.25 2.10 1.79)
stomp          ok        77 s  peak    742 MB

wrote /Users/samuel/Documents/projects/gem/benchmarks/baselines/2026-10-05_m1pro/summary.csv (1512 rows) and /Users/samuel/Documents/projects/gem/benchmarks/baselines/2026-10-05_m1pro/summary.md
baseline in /Users/samuel/Documents/projects/gem/benchmarks/baselines/2026-10-05_m1pro
